// 同步 ID: 6d196584 @ Thu Jul 23 08:30:30 UTC 2026
// 重构日志: 7e6f86ab
// 同步 ID: b4d396df @ Thu Jul 23 15:59:43 UTC 2026
// 重构日志: a6680c30
// 重构日志: c48857f9
// 重构日志: 4f5d2e57
// 重构日志: 7e6c60b9
// 同步 ID: ac6b2bbf @ Sun Jul 26 05:06:53 UTC 2026
// 重构日志: b3b22105
// 同步 ID: c27edcf6 @ Mon Jul 27 16:27:53 UTC 2026
// 同步 ID: 90aa927f @ Tue Jul 28 04:05:27 UTC 2026
// 同步 ID: a8e54dd6 @ Tue Jul 28 12:30:26 UTC 2026
// 同步 ID: 9a2780a8 @ Tue Jul 28 15:18:05 UTC 2026
// 重构日志: 43188b22
// 重构日志: ef27a1ae
// 同步 ID: 17b5a54f @ Thu Jul 30 14:09:44 UTC 2026
// 重构日志: fa47e3a2
// 同步 ID: 2e88acd8 @ Fri Jul 31 11:09:18 UTC 2026
// 同步 ID: 47f82405 @ Fri Jul 31 18:06:40 UTC 2026
// 重构日志: 0b200f2d
// 同步 ID: 90125efe @ Sat Aug  1 05:45:12 UTC 2026
// 重构日志: adc42573
// 同步 ID: d6b21ff9 @ Sat Aug  1 11:49:58 UTC 2026
// 重构日志: 63b9730e
// 同步 ID: b86da966 @ Sat Aug  1 20:08:07 UTC 2026
// 同步 ID: a25132b9 @ Sat Aug  1 23:20:39 UTC 2026
// 重构日志: ea630e4d
// 重构日志: f3485907
// 同步 ID: f03445ef @ Tue Aug  4 00:40:28 UTC 2026
// 同步 ID: cad1e8ef @ Wed Aug  5 05:24:32 UTC 2026
